2025-11-05T20:01:56.973+07:00  INFO 84603 --- [tour-go] [main] dev.pawin.tour_pro.TourProApplication    : Starting TourProApplication using Java 21.0.8 with PID 84603 (/home/pawin/java/tour-pro/build/classes/java/main started by pawin in /home/pawin/java/tour-pro)
2025-11-05T20:01:57.006+07:00  INFO 84603 --- [tour-go] [main] dev.pawin.tour_pro.TourProApplication    : No active profile set, falling back to 1 default profile: "default"
2025-11-05T20:01:59.352+07:00  INFO 84603 --- [tour-go] [main] .s.d.r.c.RepositoryConfigurationDelegate : Bootstrapping Spring Data JDBC repositories in DEFAULT mode.
2025-11-05T20:01:59.387+07:00  INFO 84603 --- [tour-go] [main] .s.d.r.c.RepositoryConfigurationDelegate : Finished Spring Data repository scanning in 21 ms. Found 0 JDBC repository interfaces.
2025-11-05T20:02:00.360+07:00  INFO 84603 --- [tour-go] [main] o.s.b.w.embedded.tomcat.TomcatWebServer  : Tomcat initialized with port 8080 (http)
2025-11-05T20:02:00.406+07:00  INFO 84603 --- [tour-go] [main] o.apache.catalina.core.StandardService   : Starting service [Tomcat]
2025-11-05T20:02:00.408+07:00  INFO 84603 --- [tour-go] [main] o.apache.catalina.core.StandardEngine    : Starting Servlet engine: [Apache Tomcat/10.1.48]
2025-11-05T20:02:00.506+07:00  INFO 84603 --- [tour-go] [main] o.a.c.c.C.[Tomcat].[localhost].[/]       : Initializing Spring embedded WebApplicationContext
2025-11-05T20:02:00.510+07:00  INFO 84603 --- [tour-go] [main] w.s.c.ServletWebServerApplicationContext : Root WebApplicationContext: initialization completed in 3373 ms
2025-11-05T20:02:01.965+07:00  INFO 84603 --- [tour-go] [main] com.zaxxer.hikari.HikariDataSource       : HikariPool-1 - Starting...
2025-11-05T20:02:02.396+07:00  INFO 84603 --- [tour-go] [main] com.zaxxer.hikari.pool.HikariPool        : HikariPool-1 - Added connection org.postgresql.jdbc.PgConnection@300cdf3f
2025-11-05T20:02:02.410+07:00  INFO 84603 --- [tour-go] [main] com.zaxxer.hikari.HikariDataSource       : HikariPool-1 - Start completed.
2025-11-05T20:02:02.590+07:00  INFO 84603 --- [tour-go] [main] org.flywaydb.core.FlywayExecutor         : Database: jdbc:postgresql://localhost:5432/tour (PostgreSQL 14.19)
2025-11-05T20:02:02.662+07:00  INFO 84603 --- [tour-go] [main] o.f.c.i.s.JdbcTableSchemaHistory         : Schema history table "public"."flyway_schema_history" does not exist yet
2025-11-05T20:02:02.666+07:00  INFO 84603 --- [tour-go] [main] o.f.core.internal.command.DbValidate     : Successfully validated 0 migrations (execution time 00:00.024s)
2025-11-05T20:02:02.666+07:00  WARN 84603 --- [tour-go] [main] o.f.core.internal.command.DbValidate     : No migrations found. Are your locations set up correctly?
2025-11-05T20:02:02.713+07:00  INFO 84603 --- [tour-go] [main] org.flywaydb.core.Flyway                 : All configured schemas are empty; baseline operation skipped. A baseline or migration script with a lower version than the baseline version may execute if available. Check the Schemas parameter if this is not intended.
2025-11-05T20:02:02.730+07:00  INFO 84603 --- [tour-go] [main] o.f.c.i.s.JdbcTableSchemaHistory         : Creating Schema History table "public"."flyway_schema_history" ...
2025-11-05T20:02:02.896+07:00  INFO 84603 --- [tour-go] [main] o.f.core.internal.command.DbMigrate      : Current version of schema "public": << Empty Schema >>
2025-11-05T20:02:02.901+07:00  INFO 84603 --- [tour-go] [main] o.f.core.internal.command.DbMigrate      : Schema "public" is up to date. No migration necessary.
2025-11-05T20:02:03.385+07:00  INFO 84603 --- [tour-go] [main] o.s.b.a.e.web.EndpointLinksResolver      : Exposing 3 endpoints beneath base path '/actuator'
2025-11-05T20:02:03.763+07:00  INFO 84603 --- [tour-go] [main] o.s.b.w.embedded.tomcat.TomcatWebServer  : Tomcat started on port 8080 (http) with context path '/'
2025-11-05T20:02:03.786+07:00  INFO 84603 --- [tour-go] [main] dev.pawin.tour_pro.TourProApplication    : Started TourProApplication in 7.779 seconds (process running for 16.106)
2025-11-05T20:09:56.060+07:00  INFO 84603 --- [tour-go] [SpringApplicationShutdownHook] o.s.b.w.e.tomcat.GracefulShutdown        : Commencing graceful shutdown. Waiting for active requests to complete
2025-11-05T20:09:56.075+07:00  INFO 84603 --- [tour-go] [tomcat-shutdown] o.s.b.w.e.tomcat.GracefulShutdown        : Graceful shutdown complete
2025-11-05T20:09:56.085+07:00  INFO 84603 --- [tour-go] [SpringApplicationShutdownHook] com.zaxxer.hikari.HikariDataSource       : HikariPool-1 - Shutdown initiated...
2025-11-05T20:09:56.097+07:00  INFO 84603 --- [tour-go] [SpringApplicationShutdownHook] com.zaxxer.hikari.HikariDataSource       : HikariPool-1 - Shutdown completed.
2025-11-05T20:12:06.071+07:00  INFO 89542 --- [tour-go] [main] dev.pawin.tour_pro.TourProApplication    : Starting TourProApplication using Java 21.0.8 with PID 89542 (/home/pawin/java/tour-pro/build/classes/java/main started by pawin in /home/pawin/java/tour-pro)
2025-11-05T20:12:06.087+07:00  INFO 89542 --- [tour-go] [main] dev.pawin.tour_pro.TourProApplication    : No active profile set, falling back to 1 default profile: "default"
2025-11-05T20:12:07.801+07:00  INFO 89542 --- [tour-go] [main] .s.d.r.c.RepositoryConfigurationDelegate : Bootstrapping Spring Data JDBC repositories in DEFAULT mode.
2025-11-05T20:12:07.842+07:00  INFO 89542 --- [tour-go] [main] .s.d.r.c.RepositoryConfigurationDelegate : Finished Spring Data repository scanning in 29 ms. Found 0 JDBC repository interfaces.
2025-11-05T20:12:11.786+07:00  INFO 89542 --- [tour-go] [main] o.s.b.w.embedded.tomcat.TomcatWebServer  : Tomcat initialized with port 8080 (http)
2025-11-05T20:12:11.838+07:00  INFO 89542 --- [tour-go] [main] o.apache.catalina.core.StandardService   : Starting service [Tomcat]
2025-11-05T20:12:11.839+07:00  INFO 89542 --- [tour-go] [main] o.apache.catalina.core.StandardEngine    : Starting Servlet engine: [Apache Tomcat/10.1.48]
2025-11-05T20:12:11.906+07:00  INFO 89542 --- [tour-go] [main] o.a.c.c.C.[Tomcat].[localhost].[/]       : Initializing Spring embedded WebApplicationContext
2025-11-05T20:12:11.908+07:00  INFO 89542 --- [tour-go] [main] w.s.c.ServletWebServerApplicationContext : Root WebApplicationContext: initialization completed in 5759 ms
2025-11-05T20:12:13.304+07:00  INFO 89542 --- [tour-go] [main] com.zaxxer.hikari.HikariDataSource       : HikariPool-1 - Starting...
2025-11-05T20:12:13.658+07:00  INFO 89542 --- [tour-go] [main] com.zaxxer.hikari.pool.HikariPool        : HikariPool-1 - Added connection org.postgresql.jdbc.PgConnection@243c4ffe
2025-11-05T20:12:13.668+07:00  INFO 89542 --- [tour-go] [main] com.zaxxer.hikari.HikariDataSource       : HikariPool-1 - Start completed.
2025-11-05T20:12:13.857+07:00  INFO 89542 --- [tour-go] [main] org.flywaydb.core.FlywayExecutor         : Database: jdbc:postgresql://localhost:5432/tour (PostgreSQL 14.19)
2025-11-05T20:12:13.970+07:00  INFO 89542 --- [tour-go] [main] o.f.core.internal.command.DbValidate     : Successfully validated 1 migration (execution time 00:00.052s)
2025-11-05T20:12:14.040+07:00  INFO 89542 --- [tour-go] [main] o.f.core.internal.command.DbMigrate      : Current version of schema "public": << Empty Schema >>
2025-11-05T20:12:14.071+07:00  INFO 89542 --- [tour-go] [main] o.f.core.internal.command.DbMigrate      : Migrating schema "public" to version "1 - create user table"
2025-11-05T20:12:14.179+07:00  INFO 89542 --- [tour-go] [main] o.f.core.internal.command.DbMigrate      : Successfully applied 1 migration to schema "public", now at version v1 (execution time 00:00.069s)
2025-11-05T20:12:14.523+07:00  INFO 89542 --- [tour-go] [main] o.s.b.a.e.web.EndpointLinksResolver      : Exposing 3 endpoints beneath base path '/actuator'
2025-11-05T20:12:14.684+07:00  INFO 89542 --- [tour-go] [main] o.s.b.w.embedded.tomcat.TomcatWebServer  : Tomcat started on port 8080 (http) with context path '/'
2025-11-05T20:12:14.706+07:00  INFO 89542 --- [tour-go] [main] dev.pawin.tour_pro.TourProApplication    : Started TourProApplication in 9.21 seconds (process running for 13.627)
2025-11-05T20:16:30.118+07:00  INFO 89542 --- [tour-go] [SpringApplicationShutdownHook] o.s.b.w.e.tomcat.GracefulShutdown        : Commencing graceful shutdown. Waiting for active requests to complete
2025-11-05T20:16:30.128+07:00  INFO 89542 --- [tour-go] [tomcat-shutdown] o.s.b.w.e.tomcat.GracefulShutdown        : Graceful shutdown complete
2025-11-05T20:16:30.137+07:00  INFO 89542 --- [tour-go] [SpringApplicationShutdownHook] com.zaxxer.hikari.HikariDataSource       : HikariPool-1 - Shutdown initiated...
2025-11-05T20:16:30.147+07:00  INFO 89542 --- [tour-go] [SpringApplicationShutdownHook] com.zaxxer.hikari.HikariDataSource       : HikariPool-1 - Shutdown completed.
2025-11-05T20:16:38.010+07:00  INFO 92172 --- [tour-go] [main] dev.pawin.tour_pro.TourProApplication    : Starting TourProApplication using Java 21.0.8 with PID 92172 (/home/pawin/java/tour-pro/build/classes/java/main started by pawin in /home/pawin/java/tour-pro)
2025-11-05T20:16:38.024+07:00  INFO 92172 --- [tour-go] [main] dev.pawin.tour_pro.TourProApplication    : No active profile set, falling back to 1 default profile: "default"
2025-11-05T20:16:39.726+07:00  INFO 92172 --- [tour-go] [main] .s.d.r.c.RepositoryConfigurationDelegate : Bootstrapping Spring Data JDBC repositories in DEFAULT mode.
2025-11-05T20:16:39.759+07:00  INFO 92172 --- [tour-go] [main] .s.d.r.c.RepositoryConfigurationDelegate : Finished Spring Data repository scanning in 23 ms. Found 0 JDBC repository interfaces.
2025-11-05T20:16:40.546+07:00  INFO 92172 --- [tour-go] [main] o.s.b.w.embedded.tomcat.TomcatWebServer  : Tomcat initialized with port 8080 (http)
2025-11-05T20:16:40.598+07:00  INFO 92172 --- [tour-go] [main] o.apache.catalina.core.StandardService   : Starting service [Tomcat]
2025-11-05T20:16:40.599+07:00  INFO 92172 --- [tour-go] [main] o.apache.catalina.core.StandardEngine    : Starting Servlet engine: [Apache Tomcat/10.1.48]
2025-11-05T20:16:40.678+07:00  INFO 92172 --- [tour-go] [main] o.a.c.c.C.[Tomcat].[localhost].[/]       : Initializing Spring embedded WebApplicationContext
2025-11-05T20:16:40.679+07:00  INFO 92172 --- [tour-go] [main] w.s.c.ServletWebServerApplicationContext : Root WebApplicationContext: initialization completed in 2594 ms
2025-11-05T20:16:42.228+07:00  INFO 92172 --- [tour-go] [main] com.zaxxer.hikari.HikariDataSource       : HikariPool-1 - Starting...
2025-11-05T20:16:42.641+07:00  INFO 92172 --- [tour-go] [main] com.zaxxer.hikari.pool.HikariPool        : HikariPool-1 - Added connection org.postgresql.jdbc.PgConnection@452c8a6c
2025-11-05T20:16:42.653+07:00  INFO 92172 --- [tour-go] [main] com.zaxxer.hikari.HikariDataSource       : HikariPool-1 - Start completed.
2025-11-05T20:16:42.816+07:00  INFO 92172 --- [tour-go] [main] org.flywaydb.core.FlywayExecutor         : Database: jdbc:postgresql://localhost:5432/tour (PostgreSQL 14.19)
2025-11-05T20:16:42.910+07:00  INFO 92172 --- [tour-go] [main] o.f.core.internal.command.DbValidate     : Successfully validated 1 migration (execution time 00:00.047s)
2025-11-05T20:16:42.958+07:00  INFO 92172 --- [tour-go] [main] o.f.core.internal.command.DbMigrate      : Current version of schema "public": << Empty Schema >>
2025-11-05T20:16:42.987+07:00  INFO 92172 --- [tour-go] [main] o.f.core.internal.command.DbMigrate      : Migrating schema "public" to version "1 - create user table"
2025-11-05T20:16:43.085+07:00  INFO 92172 --- [tour-go] [main] o.f.core.internal.command.DbMigrate      : Successfully applied 1 migration to schema "public", now at version v1 (execution time 00:00.056s)
2025-11-05T20:16:43.494+07:00  INFO 92172 --- [tour-go] [main] o.s.b.a.e.web.EndpointLinksResolver      : Exposing 3 endpoints beneath base path '/actuator'
2025-11-05T20:16:43.703+07:00  INFO 92172 --- [tour-go] [main] o.s.b.w.embedded.tomcat.TomcatWebServer  : Tomcat started on port 8080 (http) with context path '/'
2025-11-05T20:16:43.727+07:00  INFO 92172 --- [tour-go] [main] dev.pawin.tour_pro.TourProApplication    : Started TourProApplication in 6.501 seconds (process running for 12.971)
2025-11-05T20:18:06.099+07:00  INFO 92172 --- [tour-go] [SpringApplicationShutdownHook] o.s.b.w.e.tomcat.GracefulShutdown        : Commencing graceful shutdown. Waiting for active requests to complete
2025-11-05T20:18:06.110+07:00  INFO 92172 --- [tour-go] [tomcat-shutdown] o.s.b.w.e.tomcat.GracefulShutdown        : Graceful shutdown complete
2025-11-05T20:18:06.116+07:00  INFO 92172 --- [tour-go] [SpringApplicationShutdownHook] com.zaxxer.hikari.HikariDataSource       : HikariPool-1 - Shutdown initiated...
2025-11-05T20:18:06.127+07:00  INFO 92172 --- [tour-go] [SpringApplicationShutdownHook] com.zaxxer.hikari.HikariDataSource       : HikariPool-1 - Shutdown completed.
